[INFO] Scanning for projects...
[INFO] 
[INFO] -----------------------< com.urbanblack:backend >-----------------------
[INFO] Building urbanblack 0.0.1-SNAPSHOT
[INFO]   from pom.xml
[INFO] --------------------------------[ jar ]---------------------------------
[INFO] 
[INFO] --- resources:3.3.1:resources (default-resources) @ backend ---
[INFO] Copying 1 resource from src\main\resources to target\classes
[INFO] Copying 0 resource from src\main\resources to target\classes
[INFO] 
[INFO] --- compiler:3.11.0:compile (default-compile) @ backend ---
[INFO] Changes detected - recompiling the module! :source
[INFO] Compiling 65 source files with javac [debug release 17] to target\classes
[INFO] -------------------------------------------------------------
[ERROR] COMPILATION ERROR : 
[INFO] -------------------------------------------------------------
[ERROR] /C:/Users/HP/Desktop/urban-black-agent-portal/backend/src/main/java/com/urbanblack/service/ScheduleService.java:[33,33] cannot find symbol
  symbol:   method findByAgentIdAndStatus(java.lang.Long,java.lang.String,org.springframework.data.domain.Pageable)
  location: variable bookingRepository of type com.urbanblack.repository.BookingRepository
[ERROR] /C:/Users/HP/Desktop/urban-black-agent-portal/backend/src/main/java/com/urbanblack/service/ScheduleService.java:[37,33] cannot find symbol
  symbol:   method findByAgentIdAndStatus(java.lang.Long,java.lang.String,org.springframework.data.domain.Pageable)
  location: variable bookingRepository of type com.urbanblack.repository.BookingRepository
[ERROR] /C:/Users/HP/Desktop/urban-black-agent-portal/backend/src/main/java/com/urbanblack/service/ScheduleService.java:[54,33] cannot find symbol
  symbol:   method findByAgentIdAndStatus(java.lang.Long,java.lang.String,org.springframework.data.domain.Pageable)
  location: variable bookingRepository of type com.urbanblack.repository.BookingRepository
[INFO] 3 errors 
[INFO] -------------------------------------------------------------
[INFO] ------------------------------------------------------------------------
[INFO] BUILD FAILURE
[INFO] ------------------------------------------------------------------------
[INFO] Total time:  12.520 s
[INFO] Finished at: 2026-03-14T17:15:00+05:30
[INFO] ------------------------------------------------------------------------
[ERROR] Failed to execute goal org.apache.maven.plugins:maven-compiler-plugin:3.11.0:compile (default-compile) on project backend: Compilation failure: Compilation failure: 
[ERROR] /C:/Users/HP/Desktop/urban-black-agent-portal/backend/src/main/java/com/urbanblack/service/ScheduleService.java:[33,33] cannot find symbol
[ERROR]   symbol:   method findByAgentIdAndStatus(java.lang.Long,java.lang.String,org.springframework.data.domain.Pageable)
[ERROR]   location: variable bookingRepository of type com.urbanblack.repository.BookingRepository
[ERROR] /C:/Users/HP/Desktop/urban-black-agent-portal/backend/src/main/java/com/urbanblack/service/ScheduleService.java:[37,33] cannot find symbol
[ERROR]   symbol:   method findByAgentIdAndStatus(java.lang.Long,java.lang.String,org.springframework.data.domain.Pageable)
[ERROR]   location: variable bookingRepository of type com.urbanblack.repository.BookingRepository
[ERROR] /C:/Users/HP/Desktop/urban-black-agent-portal/backend/src/main/java/com/urbanblack/service/ScheduleService.java:[54,33] cannot find symbol
[ERROR]   symbol:   method findByAgentIdAndStatus(java.lang.Long,java.lang.String,org.springframework.data.domain.Pageable)
[ERROR]   location: variable bookingRepository of type com.urbanblack.repository.BookingRepository
[ERROR] -> [Help 1]
[ERROR] 
[ERROR] To see the full stack trace of the errors, re-run Maven with the -e switch.
[ERROR] Re-run Maven using the -X switch to enable full debug logging.
[ERROR] 
[ERROR] For more information about the errors and possible solutions, please read the following articles:
[ERROR] [Help 1] http://cwiki.apache.org/confluence/display/MAVEN/MojoFailureException
